---
source: crates/tests/src/features.rs
expression: "format!(\"{}\", harness.gas_reporter)"

---
bit_and([Uint(26), Uint(42)]) used 512 gas

