---
source: crates/tests/src/features.rs
expression: "format!(\"{}\", harness.gas_reporter)"

---
mod([Uint(43), Uint(5)]) used 353 gas

