---
source: crates/tests/src/features.rs
expression: "format!(\"{}\", harness.gas_reporter)"

---
bar([Bool(false), Bool(true)]) used 287 gas

