---
source: crates/tests/src/features.rs
expression: "format!(\"{}\", harness.gas_reporter)"

---
bar([Uint(2), Uint(4)]) used 307 gas

