---
source: crates/tests/src/features.rs
expression: "format!(\"{}\", harness.gas_reporter)"

---
add_from_sto([Uint(2), Uint(5)]) used 22618 gas

