---
source: crates/tests/src/stress.rs
expression: "format!(\"{}\", harness.gas_reporter)"

---
set_my_addrs([FixedArray([Address(0x000000000000000000000000000000000000000a), Address(0x000000000000000000000000000000000000000b), Address(0x000000000000000000000000000000000000000c), Address(0x000000000000000000000000000000000000000d), Address(0x000000000000000000000000000000000000000e)])]) used 111679 gas
get_my_addrs([]) used 1779 gas
set_my_u128([Uint(42)]) used 22360 gas
get_my_u128([]) used 337 gas
set_my_string([String("my string")]) used 44945 gas
get_my_string([]) used 1187 gas
set_my_u16s([FixedArray([Uint(0), Uint(1), Uint(2), Uint(3), Uint(4), Uint(5), Uint(6), Uint(7), Uint(8), Uint(9), Uint(10), Uint(11), Uint(12), Uint(13), Uint(14), Uint(15), Uint(16), Uint(17), Uint(18), Uint(19), Uint(20), Uint(21), Uint(22), Uint(23), Uint(24), Uint(25), Uint(26), Uint(27), Uint(28), Uint(29), Uint(30), Uint(31), Uint(32), Uint(33), Uint(34), Uint(35), Uint(36), Uint(37), Uint(38), Uint(39), Uint(40), Uint(41), Uint(42), Uint(43), Uint(44), Uint(45), Uint(46), Uint(47), Uint(48), Uint(49), Uint(50), Uint(51), Uint(52), Uint(53), Uint(54), Uint(55), Uint(56), Uint(57), Uint(58), Uint(59), Uint(60), Uint(61), Uint(62), Uint(63), Uint(64), Uint(65), Uint(66), Uint(67), Uint(68), Uint(69), Uint(70), Uint(71), Uint(72), Uint(73), Uint(74), Uint(75), Uint(76), Uint(77), Uint(78), Uint(79), Uint(80), Uint(81), Uint(82), Uint(83), Uint(84), Uint(85), Uint(86), Uint(87), Uint(88), Uint(89), Uint(90), Uint(91), Uint(92), Uint(93), Uint(94), Uint(95), Uint(96), Uint(97), Uint(98), Uint(99), Uint(100), Uint(101), Uint(102), Uint(103), Uint(104), Uint(105), Uint(106), Uint(107), Uint(108), Uint(109), Uint(110), Uint(111), Uint(112), Uint(113), Uint(114), Uint(115), Uint(116), Uint(117), Uint(118), Uint(119), Uint(120), Uint(121), Uint(122), Uint(123), Uint(124), Uint(125), Uint(126), Uint(127), Uint(128), Uint(129), Uint(130), Uint(131), Uint(132), Uint(133), Uint(134), Uint(135), Uint(136), Uint(137), Uint(138), Uint(139), Uint(140), Uint(141), Uint(142), Uint(143), Uint(144), Uint(145), Uint(146), Uint(147), Uint(148), Uint(149), Uint(150), Uint(151), Uint(152), Uint(153), Uint(154), Uint(155), Uint(156), Uint(157), Uint(158), Uint(159), Uint(160), Uint(161), Uint(162), Uint(163), Uint(164), Uint(165), Uint(166), Uint(167), Uint(168), Uint(169), Uint(170), Uint(171), Uint(172), Uint(173), Uint(174), Uint(175), Uint(176), Uint(177), Uint(178), Uint(179), Uint(180), Uint(181), Uint(182), Uint(183), Uint(184), Uint(185), Uint(186), Uint(187), Uint(188), Uint(189), Uint(190), Uint(191), Uint(192), Uint(193), Uint(194), Uint(195), Uint(196), Uint(197), Uint(198), Uint(199), Uint(200), Uint(201), Uint(202), Uint(203), Uint(204), Uint(205), Uint(206), Uint(207), Uint(208), Uint(209), Uint(210), Uint(211), Uint(212), Uint(213), Uint(214), Uint(215), Uint(216), Uint(217), Uint(218), Uint(219), Uint(220), Uint(221), Uint(222), Uint(223), Uint(224), Uint(225), Uint(226), Uint(227), Uint(228), Uint(229), Uint(230), Uint(231), Uint(232), Uint(233), Uint(234), Uint(235), Uint(236), Uint(237), Uint(238), Uint(239), Uint(240), Uint(241), Uint(242), Uint(243), Uint(244), Uint(245), Uint(246), Uint(247), Uint(248), Uint(249), Uint(250), Uint(251), Uint(252), Uint(253), Uint(254)])]) used 386181 gas
get_my_u16s([]) used 26296 gas
set_my_bool([Bool(true)]) used 550 gas
get_my_bool([]) used 463 gas
set_my_bytes([Bytes([116, 101, 110, 32, 98, 121, 116, 101, 115, 46, 116, 101, 110, 32, 98, 121, 116, 101, 115, 46, 116, 101, 110, 32, 98, 121, 116, 101, 115, 46, 116, 101, 110, 32, 98, 121, 116, 101, 115, 46, 116, 101, 110, 32, 98, 121, 116, 101, 115, 46, 116, 101, 110, 32, 98, 121, 116, 101, 115, 46, 116, 101, 110, 32, 98, 121, 116, 101, 115, 46, 116, 101, 110, 32, 98, 121, 116, 101, 115, 46, 116, 101, 110, 32, 98, 121, 116, 101, 115, 46, 116, 101, 110, 32, 98, 121, 116, 101, 115, 46])]) used 89387 gas
get_my_bytes([]) used 1774 gas
get_my_struct([]) used 769 gas
mod_my_struct([Tuple([Uint(42), Uint(26), Bool(true), Address(0x000000000000000000000000000000000001e240)])]) used 1132 gas
emit_my_event([]) used 103765 gas

