---
source: crates/tests/src/features.rs
expression: "format!(\"{}\", harness.gas_reporter)"

---
bar([Uint(10), Uint(20)]) used 2056 gas

