---
source: crates/tests/src/features.rs
expression: "format!(\"{}\", harness.gas_reporter)"

---
my_balance([]) used 125 gas
other_balance([Address(0x5dddfce53ee040d9eb21afbc0ae1bb4dbb0ba643)]) used 311 gas
other_balance([Address(0x2000000000000000000000000000000000000002)]) used 2811 gas
my_balance([]) used 125 gas
other_balance([Address(0x5dddfce53ee040d9eb21afbc0ae1bb4dbb0ba643)]) used 311 gas
other_balance([Address(0x2000000000000000000000000000000000000002)]) used 311 gas

