---
source: crates/analyzer/tests/analysis.rs
expression: "build_snapshot(&db, module)"

---
note: 
  ┌─ return_builtin_attributes.fe:4:5
  │  
4 │ ╭     pub fn base_fee(ctx: Context) -> u256 {
5 │ │         return ctx.base_fee()
6 │ │     }
  │ ╰─────^ self: None, params: [{ label: None, name: ctx, typ: Context }] -> u256

note: 
  ┌─ return_builtin_attributes.fe:5:16
  │
5 │         return ctx.base_fee()
  │                ^^^ Context: Memory

note: 
  ┌─ return_builtin_attributes.fe:5:16
  │
5 │         return ctx.base_fee()
  │                ^^^^^^^^^^^^^^ u256: Value

note: 
   ┌─ return_builtin_attributes.fe:8:5
   │  
 8 │ ╭     pub fn coinbase(ctx: Context) -> address {
 9 │ │         return ctx.block_coinbase()
10 │ │     }
   │ ╰─────^ self: None, params: [{ label: None, name: ctx, typ: Context }] -> address

note: 
  ┌─ return_builtin_attributes.fe:9:16
  │
9 │         return ctx.block_coinbase()
  │                ^^^ Context: Memory

note: 
  ┌─ return_builtin_attributes.fe:9:16
  │
9 │         return ctx.block_coinbase()
  │                ^^^^^^^^^^^^^^^^^^^^ address: Value

note: 
   ┌─ return_builtin_attributes.fe:12:5
   │  
12 │ ╭     pub fn difficulty(ctx: Context) -> u256 {
13 │ │         return ctx.block_difficulty()
14 │ │     }
   │ ╰─────^ self: None, params: [{ label: None, name: ctx, typ: Context }] -> u256

note: 
   ┌─ return_builtin_attributes.fe:13:16
   │
13 │         return ctx.block_difficulty()
   │                ^^^ Context: Memory

note: 
   ┌─ return_builtin_attributes.fe:13:16
   │
13 │         return ctx.block_difficulty()
   │                ^^^^^^^^^^^^^^^^^^^^^^ u256: Value

note: 
   ┌─ return_builtin_attributes.fe:16:5
   │  
16 │ ╭     pub fn number(ctx: Context) -> u256 {
17 │ │         return ctx.block_number()
18 │ │     }
   │ ╰─────^ self: None, params: [{ label: None, name: ctx, typ: Context }] -> u256

note: 
   ┌─ return_builtin_attributes.fe:17:16
   │
17 │         return ctx.block_number()
   │                ^^^ Context: Memory

note: 
   ┌─ return_builtin_attributes.fe:17:16
   │
17 │         return ctx.block_number()
   │                ^^^^^^^^^^^^^^^^^^ u256: Value

note: 
   ┌─ return_builtin_attributes.fe:20:5
   │  
20 │ ╭     pub fn timestamp(ctx: Context) -> u256 {
21 │ │         return ctx.block_timestamp()
22 │ │     }
   │ ╰─────^ self: None, params: [{ label: None, name: ctx, typ: Context }] -> u256

note: 
   ┌─ return_builtin_attributes.fe:21:16
   │
21 │         return ctx.block_timestamp()
   │                ^^^ Context: Memory

note: 
   ┌─ return_builtin_attributes.fe:21:16
   │
21 │         return ctx.block_timestamp()
   │                ^^^^^^^^^^^^^^^^^^^^^ u256: Value

note: 
   ┌─ return_builtin_attributes.fe:24:5
   │  
24 │ ╭     pub fn chainid(ctx: Context) -> u256 {
25 │ │         return ctx.chain_id()
26 │ │     }
   │ ╰─────^ self: None, params: [{ label: None, name: ctx, typ: Context }] -> u256

note: 
   ┌─ return_builtin_attributes.fe:25:16
   │
25 │         return ctx.chain_id()
   │                ^^^ Context: Memory

note: 
   ┌─ return_builtin_attributes.fe:25:16
   │
25 │         return ctx.chain_id()
   │                ^^^^^^^^^^^^^^ u256: Value

note: 
   ┌─ return_builtin_attributes.fe:28:5
   │  
28 │ ╭     pub fn sender(ctx: Context) -> address {
29 │ │         return ctx.msg_sender()
30 │ │     }
   │ ╰─────^ self: None, params: [{ label: None, name: ctx, typ: Context }] -> address

note: 
   ┌─ return_builtin_attributes.fe:29:16
   │
29 │         return ctx.msg_sender()
   │                ^^^ Context: Memory

note: 
   ┌─ return_builtin_attributes.fe:29:16
   │
29 │         return ctx.msg_sender()
   │                ^^^^^^^^^^^^^^^^ address: Value

note: 
   ┌─ return_builtin_attributes.fe:32:5
   │  
32 │ ╭     pub fn value(ctx: Context) -> u256 {
33 │ │         return ctx.msg_value()
34 │ │     }
   │ ╰─────^ self: None, params: [{ label: None, name: ctx, typ: Context }] -> u256

note: 
   ┌─ return_builtin_attributes.fe:33:16
   │
33 │         return ctx.msg_value()
   │                ^^^ Context: Memory

note: 
   ┌─ return_builtin_attributes.fe:33:16
   │
33 │         return ctx.msg_value()
   │                ^^^^^^^^^^^^^^^ u256: Value

note: 
   ┌─ return_builtin_attributes.fe:36:5
   │  
36 │ ╭     pub fn origin(ctx: Context) -> address {
37 │ │         return ctx.tx_origin()
38 │ │     }
   │ ╰─────^ self: None, params: [{ label: None, name: ctx, typ: Context }] -> address

note: 
   ┌─ return_builtin_attributes.fe:37:16
   │
37 │         return ctx.tx_origin()
   │                ^^^ Context: Memory

note: 
   ┌─ return_builtin_attributes.fe:37:16
   │
37 │         return ctx.tx_origin()
   │                ^^^^^^^^^^^^^^^ address: Value

note: 
   ┌─ return_builtin_attributes.fe:40:5
   │  
40 │ ╭     pub fn gas_price(ctx: Context) -> u256 {
41 │ │         return ctx.tx_gas_price()
42 │ │     }
   │ ╰─────^ self: None, params: [{ label: None, name: ctx, typ: Context }] -> u256

note: 
   ┌─ return_builtin_attributes.fe:41:16
   │
41 │         return ctx.tx_gas_price()
   │                ^^^ Context: Memory

note: 
   ┌─ return_builtin_attributes.fe:41:16
   │
41 │         return ctx.tx_gas_price()
   │                ^^^^^^^^^^^^^^^^^^ u256: Value


