---
source: crates/analyzer/tests/analysis.rs
expression: "build_snapshot(&db, module)"

---
note: 
  ┌─ create_contract_from_init.fe:4:5
  │  
4 │ ╭     pub fn get_my_num() -> u256 {
5 │ │         return 42
6 │ │     }
  │ ╰─────^ self: None, params: [] -> u256

note: 
  ┌─ create_contract_from_init.fe:5:16
  │
5 │         return 42
  │                ^^ u256: Value

note: 
   ┌─ create_contract_from_init.fe:10:5
   │
10 │     foo_addr: address
   │     ^^^^^^^^^^^^^^^^^ address

note: 
   ┌─ create_contract_from_init.fe:16:5
   │  
16 │ ╭     pub fn get_foo_addr(self) -> address {
17 │ │         return self.foo_addr
18 │ │     }
   │ ╰─────^ self: Some(Mutable), params: [] -> address

note: 
   ┌─ create_contract_from_init.fe:17:16
   │
17 │         return self.foo_addr
   │                ^^^^ FooFactory: Value

note: 
   ┌─ create_contract_from_init.fe:17:16
   │
17 │         return self.foo_addr
   │                ^^^^^^^^^^^^^ address: Storage { nonce: Some(0) } => Value


