---
source: crates/analyzer/tests/analysis.rs
expression: "build_snapshot(&db, module)"

---
note: 
  ┌─ return_bool_false.fe:2:5
  │  
2 │ ╭     pub fn bar() -> bool {
3 │ │         return false
4 │ │     }
  │ ╰─────^ self: None, params: [] -> bool

note: 
  ┌─ return_bool_false.fe:3:16
  │
3 │         return false
  │                ^^^^^ bool: Value


