---
source: crates/analyzer/tests/errors.rs
expression: "error_string(&path, test_files::fixture(path))"

---
error: duplicate event names in `contract Foo`
  ┌─ compile_errors/duplicate_event_in_contract.fe:2:5
  │    
2 │ ╭       event MyEvent {
3 │ │           idx addr1: address
4 │ │       }
  │ ╰───────^ `MyEvent` first defined here
5 │     
6 │   ╭     event MyEvent {
7 │   │         idx addr1: address
8 │   │     }
  │   ╰─────' `MyEvent` redefined here


