---
source: crates/analyzer/tests/errors.rs
expression: "error_string(&path, test_files::fixture(path))"

---
error: No function `doesnt_exist` exists on type `Something`
  ┌─ compile_errors/call_undefined_function_on_memory_struct.fe:8:16
  │
8 │         thingy.doesnt_exist()
  │                ^^^^^^^^^^^^ undefined function


