---
source: crates/parser/tests/cases/errors.rs
expression: "err_string(stringify!(if_no_body), functions::parse_stmt,\n           \"if x {} else { x }\")"

---

