---
source: crates/parser/tests/cases/errors.rs
expression: "err_string(stringify!(contract_empty_body), module::parse_module,\n           \"contract X {} \\ncontract Y {\\n  x: u8 \\n}\")"

---

