---
source: crates/parser/tests/cases/parse_ast.rs
expression: "ast_string(stringify!(empty_contract_def), try_parse_module,\n           \"contract Foo {}\")"

---
Node(
  kind: Module(
    body: [
      Contract(Node(
        kind: Contract(
          name: Node(
            kind: "Foo",
            span: Span(
              start: 9,
              end: 12,
            ),
          ),
          fields: [],
          body: [],
          pub_qual: None,
        ),
        span: Span(
          start: 0,
          end: 15,
        ),
      )),
    ],
  ),
  span: Span(
    start: 0,
    end: 15,
  ),
)
